// Jest Snapshot v1, https://goo.gl/fbAQLP

exports[`product-service catalogBatchProcess should process batch requests 1`] = `
{
  "payload": [
    {
      "payload": [
        {
          "description": "Vic Firth 5A American Classic Hickory",
          "id": "534f1263-bd2d-4f89-aa93-0ad9d24442c6",
          "price": 1,
          "title": "vicfirth5a",
        },
        {
          "count": 1,
          "product_id": "534f1263-bd2d-4f89-aa93-0ad9d24442c6",
        },
      ],
      "statusCode": 201,
    },
    {
      "payload": [
        {
          "description": "The 5B is a standard diameter drumstick for the heavy hitter",
          "id": "f2e8f5c7-bcfc-4cc3-ad0d-24160814c790",
          "price": 1,
          "title": "promark5b",
        },
        {
          "count": 1,
          "product_id": "f2e8f5c7-bcfc-4cc3-ad0d-24160814c790",
        },
      ],
      "statusCode": 201,
    },
  ],
  "statusCode": 201,
}
`;
