// Jest Snapshot v1, https://goo.gl/fbAQLP

exports[`product-service catalogBatchProcess should process batch requests 1`] = `
{
  "payload": [
    {
      "payload": [
        {
          "description": "Vic Firth 5A American Classic Hickory",
          "id": "aaaaaa-aaaa-aaaa-aaaa-aaaaaaaaaaaa",
          "price": 1,
          "title": "vicfirth5a",
        },
        {
          "count": 1,
          "product_id": "aaaaaa-aaaa-aaaa-aaaa-aaaaaaaaaaaa",
        },
      ],
      "statusCode": 201,
    },
    {
      "payload": [
        {
          "description": "The 5B is a standard diameter drumstick for the heavy hitter",
          "id": "bbbbbb-bbbb-bbbb-bbbb-bbbbbbbbbbbb",
          "price": 1,
          "title": "promark5b",
        },
        {
          "count": 1,
          "product_id": "bbbbbb-bbbb-bbbb-bbbb-bbbbbbbbbbbb",
        },
      ],
      "statusCode": 201,
    },
  ],
  "statusCode": 201,
}
`;
