// Jest Snapshot v1, https://goo.gl/fbAQLP

exports[`product-service getProductsListHandler should return the list of available products 1`] = `
[
  {
    "count": 1,
    "description": "Balancing power, finesse, and durability, the 5B stick size is a longstanding rock favorite.",
    "id": "aaaaaaaa-aaaa-aaaa-aaaa-aaaaaaaaaaaa",
    "price": 1,
    "title": "vater5b",
  },
  {
    "count": 1,
    "description": "Vic Firth 5A American Classic Hickory.",
    "id": "bbbbbbbb-bbbb-bbbb-bbbb-bbbbbbbbbbbb",
    "price": 1,
    "title": "vicfirth5a",
  },
  {
    "count": 1,
    "description": "Vic Firth 5B American classic drumsticks line combines tradition and Vic Firth style.",
    "id": "cccccccc-cccc-cccc-cccc-cccccccccccc",
    "price": 1,
    "title": "vicfirth5b",
  },
]
`;
